Hello Alex,

I'm writing you to say hello.

Main Points
===========

There is only one (http://google.com) point, actually.

Best,
James