<p>Hello Alex,</p>

<p>I'm writing you to say hello.</p>

<h1>Main Points</h1>

<p>There is only <a href="http://google.com">one</a> point, actually.</p>

<p>Best,<br>James</p>